<html>
<body>
<pre>
<h1>µVision Build Log</h1>
<h2>Tool Versions:</h2>
IDE-Version: ¦ÌVision V5.24.2.0
Copyright (C) 2017 ARM Ltd and ARM Germany GmbH. All rights reserved.
License Information: li lim1130, HP Inc., LIC=6XJUH-W4TGC-LVP1I-T53L4-8MH3K-449B6
 
Tool Versions:
Toolchain:       MDK-ARM Professional  Version: 5.24.1
Toolchain Path:  C:\Keil_v5\ARM\ARMCC\Bin
C Compiler:      Armcc.exe V5.06 update 5 (build 528)
Assembler:       Armasm.exe V5.06 update 5 (build 528)
Linker/Locator:  ArmLink.exe V5.06 update 5 (build 528)
Library Manager: ArmAr.exe V5.06 update 5 (build 528)
Hex Converter:   FromElf.exe V5.06 update 5 (build 528)
CPU DLL:         
Dialog DLL:      
Target DLL:      Segger\JL2CM3.dll V2.99.26.0
Dialog DLL:      TCM.DLL V1.32.0.0
 
<h2>Project:</h2>
D:\workspace\nrf5_sdk\nRF5_SDK_17.1.0_ddde560\examples\peripheral\blinky\pca10040e\blank\arm5_no_packs\blinky_pca10040e.uvprojx
Project File Date:  08/03/2023

<h2>Output:</h2>
*** Using Compiler 'V5.06 update 5 (build 528)', folder: 'C:\Keil_v5\ARM\ARMCC\Bin'
Rebuild target 'nrf52810_xxaa'
compiling app_util_platform.c...
compiling app_error.c...
compiling app_error_handler_keil.c...
compiling boards.c...
compiling app_error_weak.c...
compiling nrfx_atomic.c...
compiling main.c...
compiling nrf_assert.c...
compiling nrf_fprintf.c...
compiling nrf_balloc.c...
compiling nrf_atomic.c...
compiling nrf_memobj.c...
compiling nrf_fprintf_format.c...
compiling nrf_ringbuf.c...
assembling arm_startup_nrf52810.s...
compiling nrf_strerror.c...
compiling nrf_log_str_formatter.c...
compiling nrf_log_frontend.c...
compiling system_nrf52.c...
linking...
Program Size: Code=1424 RO-data=560 RW-data=8 ZI-data=2048  
FromELF: creating hex file...
".\_build\nrf52810_xxaa.axf" - 0 Error(s), 0 Warning(s).

<h2>Software Packages used:</h2>

Package Vendor: ARM
                http://www.keil.com/pack/ARM.CMSIS.5.6.0.pack
                ARM.CMSIS.5.6.0
                CMSIS (Cortex Microcontroller Software Interface Standard)
   * Component: CORE Version: 5.3.0

Package Vendor: NordicSemiconductor
                http://developer.nordicsemi.com/nRF5_SDK/pieces/nRF_DeviceFamilyPack/NordicSemiconductor.nRF_DeviceFamilyPack.8.40.3.pack
                NordicSemiconductor.nRF_DeviceFamilyPack.8.40.3
                Nordic Semiconductor nRF ARM devices Device Family Pack with BSD license.
   * Component: Startup Version: 8.40.3

<h2>Collection of Component include folders:</h2>
  .\RTE\_nrf52810_xxaa
  C:\Users\lim11\AppData\Local\Arm\Packs\ARM\CMSIS\5.6.0\CMSIS\Core\Include
  C:\Users\lim11\AppData\Local\Arm\Packs\NordicSemiconductor\nRF_DeviceFamilyPack\8.40.3\Device\Include

<h2>Collection of Component Files used:</h2>

   * Component: NordicSemiconductor::Device:Startup:8.40.3
      Include file:  Device\Include\system_nrf.h
      Include file:  Device\Include\system_nrf52810.h
      Source file:   Device\Source\arm\arm_startup_nrf52810.s
      Source file:   Device\Source\system_nrf52.c

   * Component: ARM::CMSIS:CORE:5.3.0
Build Time Elapsed:  00:00:03
</pre>
</body>
</html>
